Archive member included because of file (symbol)

libgcc/libgcc.a(_udivsi3.o)   build/malloc.o (__aeabi_uidiv)
libgcc/libgcc.a(_divsi3.o)    build/stdio.o (__aeabi_idivmod)
libgcc/libgcc.a(_dvmd_tls.o)  libgcc/libgcc.a(_udivsi3.o) (__aeabi_idiv0)
libgcc/libgcc.a(_aeabi_uldivmod.o)
                              build/stdio.o (__aeabi_uldivmod)
libgcc/libgcc.a(bpabi.o)      libgcc/libgcc.a(_aeabi_uldivmod.o) (__gnu_uldivmod_helper)
libgcc/libgcc.a(_divdi3.o)    libgcc/libgcc.a(bpabi.o) (__divdi3)
libgcc/libgcc.a(_udivdi3.o)   libgcc/libgcc.a(bpabi.o) (__udivdi3)
libgcc/libgcc.a(unwind-arm.o)
                              libgcc/libgcc.a(_divdi3.o) (__aeabi_unwind_cpp_pr0)
libgcc/libgcc.a(libunwind.o)  libgcc/libgcc.a(unwind-arm.o) (restore_core_regs)
libgcc/libgcc.a(pr-support.o)
                              libgcc/libgcc.a(unwind-arm.o) (__gnu_unwind_execute)
libgcc/libgcc.a(_clzsi2.o)    libgcc/libgcc.a(_divdi3.o) (__clzsi2)

Allocating common symbols
Common symbol       size              file

timer_wait_list     0x10              build/timer.o

Discarded input sections

 .ARM.attributes
                0x0000000000000000       0x14 build/contextSwitch.o
 .ARM.attributes
                0x0000000000000000       0x14 build/drawing.o
 .ARM.attributes
                0x0000000000000000       0x14 build/frameBufferInfo.o
 .ARM.attributes
                0x0000000000000000       0x14 build/gpioFunction.o
 .ARM.attributes
                0x0000000000000000       0x14 build/interruptsHandlers.o
 .ARM.attributes
                0x0000000000000000       0x14 build/mailbox.o
 .ARM.attributes
                0x0000000000000000       0x14 build/memoryCopy.o
 .ARM.attributes
                0x0000000000000000       0x16 build/start.o
 .comment       0x0000000000000000       0x12 build/bitmap.o
 .ARM.attributes
                0x0000000000000000       0x38 build/bitmap.o
 .comment       0x0000000000000000       0x12 build/console.o
 .ARM.attributes
                0x0000000000000000       0x38 build/console.o
 .comment       0x0000000000000000       0x12 build/debug.o
 .ARM.attributes
                0x0000000000000000       0x38 build/debug.o
 .comment       0x0000000000000000       0x12 build/framebuffer.o
 .ARM.attributes
                0x0000000000000000       0x38 build/framebuffer.o
 .comment       0x0000000000000000       0x12 build/gpio.o
 .ARM.attributes
                0x0000000000000000       0x38 build/gpio.o
 .comment       0x0000000000000000       0x12 build/hash.o
 .ARM.attributes
                0x0000000000000000       0x38 build/hash.o
 .comment       0x0000000000000000       0x12 build/init.o
 .ARM.attributes
                0x0000000000000000       0x38 build/init.o
 .comment       0x0000000000000000       0x12 build/list.o
 .ARM.attributes
                0x0000000000000000       0x38 build/list.o
 .comment       0x0000000000000000       0x12 build/interrupt.o
 .ARM.attributes
                0x0000000000000000       0x38 build/interrupt.o
 .comment       0x0000000000000000       0x12 build/malloc.o
 .ARM.attributes
                0x0000000000000000       0x38 build/malloc.o
 .comment       0x0000000000000000       0x12 build/palloc.o
 .ARM.attributes
                0x0000000000000000       0x38 build/palloc.o
 .comment       0x0000000000000000       0x12 build/random.o
 .ARM.attributes
                0x0000000000000000       0x38 build/random.o
 .comment       0x0000000000000000       0x12 build/serial.o
 .ARM.attributes
                0x0000000000000000       0x38 build/serial.o
 .comment       0x0000000000000000       0x12 build/stdio.o
 .ARM.attributes
                0x0000000000000000       0x38 build/stdio.o
 .comment       0x0000000000000000       0x12 build/stdlib.o
 .ARM.attributes
                0x0000000000000000       0x38 build/stdlib.o
 .comment       0x0000000000000000       0x12 build/string.o
 .ARM.attributes
                0x0000000000000000       0x38 build/string.o
 .comment       0x0000000000000000       0x12 build/synch.o
 .ARM.attributes
                0x0000000000000000       0x38 build/synch.o
 .comment       0x0000000000000000       0x12 build/timer.o
 .ARM.attributes
                0x0000000000000000       0x38 build/timer.o
 COMMON         0x0000000000000000       0x10 build/timer.o
 .comment       0x0000000000000000       0x12 build/thread.o
 .ARM.attributes
                0x0000000000000000       0x38 build/thread.o
 .comment       0x0000000000000000       0x12 build/video.o
 .ARM.attributes
                0x0000000000000000       0x38 build/video.o
 .debug_frame   0x0000000000000000       0x20 libgcc/libgcc.a(_udivsi3.o)
 .ARM.attributes
                0x0000000000000000       0x18 libgcc/libgcc.a(_udivsi3.o)
 .debug_line    0x0000000000000000       0x8a libgcc/libgcc.a(_udivsi3.o)
 .debug_info    0x0000000000000000       0x99 libgcc/libgcc.a(_udivsi3.o)
 .debug_abbrev  0x0000000000000000       0x14 libgcc/libgcc.a(_udivsi3.o)
 .debug_aranges
                0x0000000000000000       0x20 libgcc/libgcc.a(_udivsi3.o)
 .debug_frame   0x0000000000000000       0x20 libgcc/libgcc.a(_divsi3.o)
 .ARM.attributes
                0x0000000000000000       0x18 libgcc/libgcc.a(_divsi3.o)
 .debug_line    0x0000000000000000       0x96 libgcc/libgcc.a(_divsi3.o)
 .debug_info    0x0000000000000000       0x99 libgcc/libgcc.a(_divsi3.o)
 .debug_abbrev  0x0000000000000000       0x14 libgcc/libgcc.a(_divsi3.o)
 .debug_aranges
                0x0000000000000000       0x20 libgcc/libgcc.a(_divsi3.o)
 .ARM.attributes
                0x0000000000000000       0x18 libgcc/libgcc.a(_dvmd_tls.o)
 .debug_line    0x0000000000000000       0x61 libgcc/libgcc.a(_dvmd_tls.o)
 .debug_info    0x0000000000000000       0x99 libgcc/libgcc.a(_dvmd_tls.o)
 .debug_abbrev  0x0000000000000000       0x14 libgcc/libgcc.a(_dvmd_tls.o)
 .debug_aranges
                0x0000000000000000       0x20 libgcc/libgcc.a(_dvmd_tls.o)
 .ARM.attributes
                0x0000000000000000       0x18 libgcc/libgcc.a(_aeabi_uldivmod.o)
 .debug_line    0x0000000000000000       0x66 libgcc/libgcc.a(_aeabi_uldivmod.o)
 .debug_info    0x0000000000000000       0x95 libgcc/libgcc.a(_aeabi_uldivmod.o)
 .debug_abbrev  0x0000000000000000       0x14 libgcc/libgcc.a(_aeabi_uldivmod.o)
 .debug_aranges
                0x0000000000000000       0x20 libgcc/libgcc.a(_aeabi_uldivmod.o)
 .debug_info    0x0000000000000000      0x174 libgcc/libgcc.a(bpabi.o)
 .debug_abbrev  0x0000000000000000       0xb7 libgcc/libgcc.a(bpabi.o)
 .debug_loc     0x0000000000000000       0xe0 libgcc/libgcc.a(bpabi.o)
 .debug_aranges
                0x0000000000000000       0x20 libgcc/libgcc.a(bpabi.o)
 .debug_line    0x0000000000000000       0x67 libgcc/libgcc.a(bpabi.o)
 .debug_str     0x0000000000000000       0xef libgcc/libgcc.a(bpabi.o)
 .comment       0x0000000000000000       0x12 libgcc/libgcc.a(bpabi.o)
 .ARM.attributes
                0x0000000000000000       0x30 libgcc/libgcc.a(bpabi.o)
 .debug_frame   0x0000000000000000       0x54 libgcc/libgcc.a(bpabi.o)
 .debug_info    0x0000000000000000      0x5ec libgcc/libgcc.a(_divdi3.o)
 .debug_abbrev  0x0000000000000000      0x165 libgcc/libgcc.a(_divdi3.o)
 .debug_loc     0x0000000000000000      0xb77 libgcc/libgcc.a(_divdi3.o)
 .debug_aranges
                0x0000000000000000       0x20 libgcc/libgcc.a(_divdi3.o)
 .debug_ranges  0x0000000000000000       0xc8 libgcc/libgcc.a(_divdi3.o)
 .debug_line    0x0000000000000000       0xdb libgcc/libgcc.a(_divdi3.o)
 .debug_str     0x0000000000000000      0x1a3 libgcc/libgcc.a(_divdi3.o)
 .comment       0x0000000000000000       0x12 libgcc/libgcc.a(_divdi3.o)
 .ARM.attributes
                0x0000000000000000       0x30 libgcc/libgcc.a(_divdi3.o)
 .debug_frame   0x0000000000000000       0x38 libgcc/libgcc.a(_divdi3.o)
 .debug_info    0x0000000000000000      0x5ab libgcc/libgcc.a(_udivdi3.o)
 .debug_abbrev  0x0000000000000000      0x154 libgcc/libgcc.a(_udivdi3.o)
 .debug_loc     0x0000000000000000      0xc8c libgcc/libgcc.a(_udivdi3.o)
 .debug_aranges
                0x0000000000000000       0x20 libgcc/libgcc.a(_udivdi3.o)
 .debug_ranges  0x0000000000000000       0xd8 libgcc/libgcc.a(_udivdi3.o)
 .debug_line    0x0000000000000000       0xce libgcc/libgcc.a(_udivdi3.o)
 .debug_str     0x0000000000000000      0x1a4 libgcc/libgcc.a(_udivdi3.o)
 .comment       0x0000000000000000       0x12 libgcc/libgcc.a(_udivdi3.o)
 .ARM.attributes
                0x0000000000000000       0x30 libgcc/libgcc.a(_udivdi3.o)
 .debug_frame   0x0000000000000000       0x38 libgcc/libgcc.a(_udivdi3.o)
 .debug_info    0x0000000000000000     0x1d4d libgcc/libgcc.a(unwind-arm.o)
 .debug_abbrev  0x0000000000000000      0x48f libgcc/libgcc.a(unwind-arm.o)
 .debug_loc     0x0000000000000000     0x18d0 libgcc/libgcc.a(unwind-arm.o)
 .debug_aranges
                0x0000000000000000       0x20 libgcc/libgcc.a(unwind-arm.o)
 .debug_ranges  0x0000000000000000      0x138 libgcc/libgcc.a(unwind-arm.o)
 .debug_line    0x0000000000000000      0x538 libgcc/libgcc.a(unwind-arm.o)
 .debug_str     0x0000000000000000      0xb7f libgcc/libgcc.a(unwind-arm.o)
 .comment       0x0000000000000000       0x12 libgcc/libgcc.a(unwind-arm.o)
 .ARM.attributes
                0x0000000000000000       0x30 libgcc/libgcc.a(unwind-arm.o)
 .debug_frame   0x0000000000000000      0x290 libgcc/libgcc.a(unwind-arm.o)
 .ARM.attributes
                0x0000000000000000       0x1c libgcc/libgcc.a(libunwind.o)
 .debug_line    0x0000000000000000       0xaf libgcc/libgcc.a(libunwind.o)
 .debug_info    0x0000000000000000       0x99 libgcc/libgcc.a(libunwind.o)
 .debug_abbrev  0x0000000000000000       0x14 libgcc/libgcc.a(libunwind.o)
 .debug_aranges
                0x0000000000000000       0x20 libgcc/libgcc.a(libunwind.o)
 .debug_info    0x0000000000000000      0xa5b libgcc/libgcc.a(pr-support.o)
 .debug_abbrev  0x0000000000000000      0x26c libgcc/libgcc.a(pr-support.o)
 .debug_loc     0x0000000000000000      0x652 libgcc/libgcc.a(pr-support.o)
 .debug_aranges
                0x0000000000000000       0x20 libgcc/libgcc.a(pr-support.o)
 .debug_ranges  0x0000000000000000       0x48 libgcc/libgcc.a(pr-support.o)
 .debug_line    0x0000000000000000      0x1c4 libgcc/libgcc.a(pr-support.o)
 .debug_str     0x0000000000000000      0x4de libgcc/libgcc.a(pr-support.o)
 .comment       0x0000000000000000       0x12 libgcc/libgcc.a(pr-support.o)
 .ARM.attributes
                0x0000000000000000       0x30 libgcc/libgcc.a(pr-support.o)
 .debug_frame   0x0000000000000000       0xe4 libgcc/libgcc.a(pr-support.o)
 .ARM.attributes
                0x0000000000000000       0x18 libgcc/libgcc.a(_clzsi2.o)
 .debug_line    0x0000000000000000       0x6e libgcc/libgcc.a(_clzsi2.o)
 .debug_info    0x0000000000000000       0x99 libgcc/libgcc.a(_clzsi2.o)
 .debug_abbrev  0x0000000000000000       0x14 libgcc/libgcc.a(_clzsi2.o)
 .debug_aranges
                0x0000000000000000       0x20 libgcc/libgcc.a(_clzsi2.o)

Memory Configuration

Name             Origin             Length             Attributes
*default*        0x0000000000000000 0xffffffffffffffff

Linker script and memory map

LOAD build/contextSwitch.o
LOAD build/drawing.o
LOAD build/frameBufferInfo.o
LOAD build/gpioFunction.o
LOAD build/interruptsHandlers.o
LOAD build/mailbox.o
LOAD build/memoryCopy.o
LOAD build/start.o
LOAD build/bitmap.o
LOAD build/console.o
LOAD build/debug.o
LOAD build/framebuffer.o
LOAD build/gpio.o
LOAD build/hash.o
LOAD build/init.o
LOAD build/list.o
LOAD build/interrupt.o
LOAD build/malloc.o
LOAD build/palloc.o
LOAD build/random.o
LOAD build/serial.o
LOAD build/stdio.o
LOAD build/stdlib.o
LOAD build/string.o
LOAD build/synch.o
LOAD build/timer.o
LOAD build/thread.o
LOAD build/video.o

.init           0x0000000000008000       0xb0
 *(.init)
 .init          0x0000000000008000       0xb0 build/start.o
                0x0000000000008000                _start
                0x0000000000008088                PUT32
                0x0000000000008090                GET32
                0x0000000000008098                dummy
                0x000000000000809c                enable_irq

.text           0x00000000000080b0     0xe77c
 *(.text)
 .text          0x00000000000080b0       0xd4 build/contextSwitch.o
                0x00000000000080b0                save_context
                0x000000000000810c                save_and_switch_context
 .text          0x0000000000008184      0x178 build/drawing.o
                0x0000000000008184                SetForeColour
                0x000000000000819c                GetForeColour
                0x00000000000081a8                SetGraphicsAddress
                0x00000000000081b4                GetGraphicsAddress
                0x00000000000081c0                DrawPixel
                0x0000000000008208                DrawLine
                0x0000000000008284                DrawCharacter
 .text          0x00000000000082fc       0x60 build/frameBufferInfo.o
                0x00000000000082fc                InitialiseFrameBuffer
 .text          0x000000000000835c       0x98 build/gpioFunction.o
                0x000000000000835c                GetGpioAddress
                0x0000000000008364                SetGpioFunction
                0x00000000000083b4                SetGpio
 .text          0x00000000000083f4      0x130 build/interruptsHandlers.o
                0x00000000000083f4                print_executing_interrupt
                0x0000000000008404                generate_swi_interrupt
                0x000000000000840c                swi_handler_int
                0x0000000000008470                irq_handler_int
                0x00000000000084d0                get_cpsr_value
                0x00000000000084d8                enable_irq_interruptions
                0x00000000000084e8                disable_irq_interruptions
                0x00000000000084f8                enable_fiq_interruptions
                0x0000000000008508                disable_fiq_interruptions
                0x0000000000008518                get_current_sp
 .text          0x0000000000008524       0x6c build/mailbox.o
                0x0000000000008524                GetMailboxBase
                0x000000000000852c                MailboxRead
                0x0000000000008560                MailboxWrite
 .text          0x0000000000008590       0x70 build/memoryCopy.o
                0x0000000000008590                memory_fastest_copy
                0x00000000000085e0                memory_fast_copy
 .text          0x0000000000008600        0x0 build/start.o
 .text          0x0000000000008600      0x9e4 build/bitmap.o
                0x00000000000086b0                bitmap_create
                0x0000000000008754                bitmap_create_in_buf
                0x00000000000087e4                bitmap_buf_size
                0x0000000000008810                bitmap_destroy
                0x000000000000884c                bitmap_size
                0x0000000000008874                bitmap_set
                0x0000000000008914                bitmap_test
                0x00000000000089c8                bitmap_set_all
                0x0000000000008a30                bitmap_set_multiple
                0x0000000000008b20                bitmap_mark
                0x0000000000008b8c                bitmap_reset
                0x0000000000008bfc                bitmap_contains
                0x0000000000008d04                bitmap_any
                0x0000000000008d40                bitmap_none
                0x0000000000008d9c                bitmap_all
                0x0000000000008df8                bitmap_scan
                0x0000000000008f18                bitmap_scan_and_flip
                0x0000000000008f9c                bitmap_dump
 .text          0x0000000000008fe4      0x3dc build/console.o
                0x0000000000008fe4                console_init
                0x000000000000900c                console_panic
                0x0000000000009030                console_print_stats
                0x00000000000091a0                vprintf
                0x00000000000091ec                puts
                0x000000000000924c                putbuf
                0x00000000000092b8                putchar
 .text          0x00000000000093c0      0x128 build/debug.o
                0x00000000000093c0                debug_panic
                0x0000000000009444                debug_print_bits_int
                0x00000000000094c0                abort
 .text          0x00000000000094e8       0x58 build/framebuffer.o
                0x00000000000094e8                framebuffer_init
 .text          0x0000000000009540       0x50 build/gpio.o
                0x0000000000009540                gpio_enable_function
                0x0000000000009568                gpio_set_register
 .text          0x0000000000009590      0xc50 build/hash.o
                0x0000000000009590                hash_init
                0x0000000000009640                hash_clear
                0x0000000000009714                hash_destroy
                0x0000000000009758                hash_insert
                0x00000000000097c4                hash_replace
                0x000000000000983c                hash_find
                0x0000000000009880                hash_delete
                0x00000000000098e8                hash_apply
                0x00000000000099d4                hash_first
                0x0000000000009a80                hash_next
                0x0000000000009b9c                hash_cur
                0x0000000000009bc4                hash_size
                0x0000000000009bec                hash_empty
                0x0000000000009c24                hash_bytes
                0x0000000000009ce0                hash_string
                0x0000000000009d80                hash_int
 .text          0x000000000000a1e0      0x7ec build/init.o
                0x000000000000a20c                init
                0x000000000000a7c8                command_bg
                0x000000000000a8c4                command_run
 .text          0x000000000000a9cc     0x1284 build/list.o
                0x000000000000aaec                list_init
                0x000000000000ab64                list_begin
                0x000000000000abb4                list_next
                0x000000000000ac20                list_end
                0x000000000000ac70                list_rbegin
                0x000000000000acc0                list_prev
                0x000000000000ad2c                list_rend
                0x000000000000ad78                list_head
                0x000000000000adc4                list_tail
                0x000000000000ae14                list_insert
                0x000000000000aed0                list_splice
                0x000000000000b00c                list_push_front
                0x000000000000b040                list_push_back
                0x000000000000b074                list_remove
                0x000000000000b0f4                list_pop_front
                0x000000000000b128                list_pop_back
                0x000000000000b15c                list_front
                0x000000000000b1c0                list_back
                0x000000000000b220                list_size
                0x000000000000b288                list_empty
                0x000000000000b314                list_reverse
                0x000000000000b728                list_sort
                0x000000000000b8bc                list_insert_ordered
                0x000000000000b9c0                list_unique
                0x000000000000bb00                list_max
                0x000000000000bba8                list_min
 .text          0x000000000000bc50      0x9cc build/interrupt.o
                0x000000000000bc50                interrupts_init
                0x000000000000bcf8                interrupts_register_irq
                0x000000000000bd78                interrupts_register_swi
                0x000000000000bdb8                interrupts_get_irq_name
                0x000000000000be10                interrupts_get_swi_name
                0x000000000000be34                interrupts_get_level
                0x000000000000be6c                interrupts_set_level
                0x000000000000beac                interrupts_enable
                0x000000000000bed8                interrupts_disable
                0x000000000000bf04                interrupts_print_status
                0x000000000000bfa0                interrupts_context
                0x000000000000bfc4                interrupts_was_irq_generated
                0x000000000000bfe8                interrupts_yield_on_return
                0x000000000000c00c                interrupts_dispatch_irq
                0x000000000000c254                interrupts_dispatch_swi
                0x000000000000c308                interrupts_debug
 .text          0x000000000000c61c      0x8b8 build/malloc.o
                0x000000000000c674                malloc_init
                0x000000000000c780                malloc
                0x000000000000c9e4                calloc
                0x000000000000cadc                realloc
                0x000000000000cb7c                free
 .text          0x000000000000ced4      0x57c build/palloc.o
                0x000000000000cf28                palloc_init
                0x000000000000cffc                palloc_get_multiple
                0x000000000000d130                palloc_get_page
                0x000000000000d164                palloc_free_multiple
                0x000000000000d2d0                palloc_free_page
 .text          0x000000000000d450      0x2cc build/random.o
                0x000000000000d498                random_init
                0x000000000000d5b4                random_bytes
                0x000000000000d6f0                random_ulong
 .text          0x000000000000d71c      0x5d4 build/serial.o
                0x000000000000d71c                serial_init
                0x000000000000d72c                serial_putc
                0x000000000000d754                serial_flush
                0x000000000000d768                serial_notify
                0x000000000000d77c                uart_init
                0x000000000000d8fc                uart_putc
                0x000000000000d948                c_irq_handler
                0x000000000000d9f8                keyboard_init
                0x000000000000da28                echo
                0x000000000000da98                uart_putc_helper
                0x000000000000dac0                uart_getc
                0x000000000000db58                uart_gets
                0x000000000000dc54                uart_write
                0x000000000000dcb0                uart_puts
                0x000000000000dce0                test_serial
 .text          0x000000000000dcf0     0x17b8 build/stdio.o
                0x000000000000dd78                vsnprintf
                0x000000000000de80                snprintf
                0x000000000000ded0                printf
                0x000000000000df10                __vprintf
                0x000000000000f0f4                __printf
                0x000000000000f138                hex_dump
                0x000000000000f3f0                print_human_readable_size
 .text          0x000000000000f4a8      0x768 build/stdlib.o
                0x000000000000f560                atoi
                0x000000000000f6ec                qsort
                0x000000000000f97c                sort
                0x000000000000fac8                bsearch
                0x000000000000fb1c                binary_search
 .text          0x000000000000fc10      0xd9c build/string.o
                0x000000000000fc10                memcpy
                0x000000000000fd04                memmove
                0x000000000000fe7c                memcmp
                0x000000000000ffa0                strcmp
                0x00000000000100a4                memchr
                0x000000000001016c                strchr
                0x0000000000010204                strcspn
                0x0000000000010288                strpbrk
                0x00000000000102f4                strrchr
                0x0000000000010368                strspn
                0x00000000000103ec                strstr
                0x00000000000104a0                strtok_r
                0x0000000000010618                memset
                0x00000000000106d0                strlen
                0x0000000000010750                strnlen
                0x00000000000107b8                strlcpy
                0x0000000000010890                strlcat
 .text          0x00000000000109ac      0x954 build/synch.o
                0x00000000000109ac                sema_init
                0x0000000000010a10                sema_down
                0x0000000000010ae4                sema_try_down
                0x0000000000010b80                sema_up
                0x0000000000010c38                sema_self_test
                0x0000000000010d28                lock_init
                0x0000000000010d8c                lock_acquire
                0x0000000000010e4c                lock_try_acquire
                0x0000000000010efc                lock_release
                0x0000000000010f84                lock_held_by_current_thread
                0x0000000000010fec                cond_init
                0x0000000000011040                cond_wait
                0x0000000000011150                cond_signal
                0x000000000001125c                cond_broadcast
 .text          0x0000000000011300      0x1d4 build/timer.o
                0x0000000000011300                timer_init
                0x000000000001133c                timer_get_timestamp
                0x0000000000011364                timer_msleep
 .text          0x00000000000114d4     0x1788 build/thread.o
                0x0000000000011500                thread_init
                0x00000000000117b4                thread_start
                0x0000000000011804                thread_tick
                0x00000000000118dc                thread_print_stats
                0x0000000000011928                thread_create
                0x0000000000011af0                thread_block
                0x0000000000011b74                thread_unblock
                0x0000000000011c28                thread_name
                0x0000000000011c44                thread_current
                0x0000000000011cc4                thread_tid
                0x0000000000011ce0                thread_exit
                0x0000000000011e9c                thread_yield
                0x0000000000012250                thread_schedule_tail
                0x0000000000012344                thread_foreach
                0x00000000000123ec                thread_set_priority
                0x0000000000012414                thread_get_priority
                0x0000000000012430                thread_set_nice
                0x000000000001244c                thread_get_nice
                0x0000000000012468                thread_get_load_avg
                0x0000000000012484                thread_get_recent_cpu
                0x00000000000126b0                list_pri_high
                0x000000000001275c                getNumberOfThreads
                0x000000000001278c                thread_information_print
                0x0000000000012a00                thread_wait
 .text          0x0000000000012c5c      0x9ac build/video.o
                0x0000000000012c5c                video_init
                0x0000000000012cd8                video_clean
                0x0000000000012d8c                video_putc
 .text          0x0000000000013608      0x114 libgcc/libgcc.a(_udivsi3.o)
                0x0000000000013608                __udivsi3
                0x0000000000013608                __aeabi_uidiv
                0x00000000000136fc                __aeabi_uidivmod
 .text          0x000000000001371c      0x148 libgcc/libgcc.a(_divsi3.o)
                0x000000000001371c                __aeabi_idiv
                0x000000000001371c                __divsi3
                0x0000000000013844                __aeabi_idivmod
 .text          0x0000000000013864        0x4 libgcc/libgcc.a(_dvmd_tls.o)
                0x0000000000013864                __aeabi_ldiv0
                0x0000000000013864                __aeabi_idiv0
 .text          0x0000000000013868       0x3c libgcc/libgcc.a(_aeabi_uldivmod.o)
                0x0000000000013868                __aeabi_uldivmod
 .text          0x00000000000138a4       0x84 libgcc/libgcc.a(bpabi.o)
                0x00000000000138a4                __gnu_ldivmod_helper
                0x00000000000138e8                __gnu_uldivmod_helper
 .text          0x0000000000013928      0x4f8 libgcc/libgcc.a(_divdi3.o)
                0x0000000000013928                __divdi3
 .text          0x0000000000013e20      0x498 libgcc/libgcc.a(_udivdi3.o)
                0x0000000000013e20                __udivdi3
 .text          0x00000000000142b8      0xfb0 libgcc/libgcc.a(unwind-arm.o)
                0x0000000000014740                _Unwind_GetCFA
                0x0000000000014748                __gnu_Unwind_RaiseException
                0x00000000000147f4                __gnu_Unwind_ForcedUnwind
                0x0000000000014818                __gnu_Unwind_Resume
                0x0000000000014890                __gnu_Unwind_Resume_or_Rethrow
                0x00000000000148b0                _Unwind_Complete
                0x00000000000148b4                _Unwind_DeleteException
                0x00000000000148d8                _Unwind_VRS_Get
                0x000000000001494c                _Unwind_VRS_Set
                0x0000000000014df0                __aeabi_unwind_cpp_pr2
                0x0000000000014df8                __aeabi_unwind_cpp_pr1
                0x0000000000014e00                __aeabi_unwind_cpp_pr0
                0x0000000000014e08                __gnu_Unwind_Backtrace
                0x0000000000014ed4                _Unwind_VRS_Pop
 .text          0x0000000000015268      0x1b0 libgcc/libgcc.a(libunwind.o)
                0x0000000000015268                __restore_core_regs
                0x0000000000015268                restore_core_regs
                0x0000000000015284                __gnu_Unwind_Restore_VFP
                0x000000000001528c                __gnu_Unwind_Save_VFP
                0x0000000000015294                __gnu_Unwind_Restore_VFP_D
                0x000000000001529c                __gnu_Unwind_Save_VFP_D
                0x00000000000152a4                __gnu_Unwind_Restore_VFP_D_16_to_31
                0x00000000000152ac                __gnu_Unwind_Save_VFP_D_16_to_31
                0x00000000000152b4                __gnu_Unwind_Restore_WMMXD
                0x00000000000152f8                __gnu_Unwind_Save_WMMXD
                0x000000000001533c                __gnu_Unwind_Restore_WMMXC
                0x0000000000015350                __gnu_Unwind_Save_WMMXC
                0x0000000000015364                _Unwind_RaiseException
                0x0000000000015364                ___Unwind_RaiseException
                0x0000000000015388                ___Unwind_Resume
                0x0000000000015388                _Unwind_Resume
                0x00000000000153ac                ___Unwind_Resume_or_Rethrow
                0x00000000000153ac                _Unwind_Resume_or_Rethrow
                0x00000000000153d0                _Unwind_ForcedUnwind
                0x00000000000153d0                ___Unwind_ForcedUnwind
                0x00000000000153f4                _Unwind_Backtrace
                0x00000000000153f4                ___Unwind_Backtrace
 .text          0x0000000000015418      0x53c libgcc/libgcc.a(pr-support.o)
                0x00000000000154ac                __gnu_unwind_execute
                0x00000000000158c8                __gnu_unwind_frame
                0x0000000000015910                _Unwind_GetRegionStart
                0x0000000000015924                _Unwind_GetLanguageSpecificData
                0x0000000000015944                _Unwind_GetDataRelBase
                0x000000000001594c                _Unwind_GetTextRelBase
 .text          0x0000000000015954       0x48 libgcc/libgcc.a(_clzsi2.o)
                0x0000000000015954                __clzsi2
 *(.rodata)
 .rodata        0x000000000001599c       0x98 build/bitmap.o
 .rodata        0x0000000000015a34       0x64 build/console.o
 .rodata        0x0000000000015a98       0x70 build/debug.o
 .rodata        0x0000000000015b08       0x6c build/hash.o
 .rodata        0x0000000000015b74      0x1c4 build/init.o
 .rodata        0x0000000000015d38      0x11c build/list.o
 .rodata        0x0000000000015e54      0x184 build/interrupt.o
 .rodata        0x0000000000015fd8       0x78 build/malloc.o
 .rodata        0x0000000000016050       0xf8 build/palloc.o
 .rodata        0x0000000000016148       0x30 build/serial.o
 .rodata        0x0000000000016178      0x134 build/stdio.o
 .rodata        0x00000000000162ac       0x34 build/stdlib.o
 .rodata        0x00000000000162e0       0x80 build/string.o
 .rodata        0x0000000000016360       0xf0 build/synch.o
 .rodata        0x0000000000016450       0x30 build/timer.o
 .rodata        0x0000000000016480      0x3ac build/thread.o

.data           0x0000000000017000     0x2060
 *(.data)
 .data          0x0000000000017000        0x0 build/contextSwitch.o
 .data          0x0000000000017000      0x810 build/drawing.o
 *fill*         0x0000000000017810      0x7f0 
 .data          0x0000000000018000     0x1000 build/frameBufferInfo.o
                0x0000000000018000                FrameBufferInfo
 .data          0x0000000000019000        0x0 build/gpioFunction.o
 .data          0x0000000000019000       0x40 build/interruptsHandlers.o
                0x0000000000019000                exec_int_msg
 .data          0x0000000000019040        0x0 build/mailbox.o
 .data          0x0000000000019040        0x0 build/memoryCopy.o
 .data          0x0000000000019040        0x0 build/start.o
 .data          0x0000000000019040        0x0 build/bitmap.o
 .data          0x0000000000019040        0x0 build/console.o
 .data          0x0000000000019040        0x0 build/debug.o
 .data          0x0000000000019040        0x0 build/framebuffer.o
 .data          0x0000000000019040        0x0 build/gpio.o
 .data          0x0000000000019040        0x0 build/hash.o
 .data          0x0000000000019040        0x4 build/init.o
 .data          0x0000000000019044        0x0 build/list.o
 .data          0x0000000000019044        0x0 build/interrupt.o
 .data          0x0000000000019044        0x0 build/malloc.o
 .data          0x0000000000019044        0x0 build/palloc.o
 .data          0x0000000000019044        0x0 build/random.o
 .data          0x0000000000019044        0x0 build/serial.o
 .data          0x0000000000019044       0x18 build/stdio.o
 .data          0x000000000001905c        0x0 build/stdlib.o
 .data          0x000000000001905c        0x0 build/string.o
 .data          0x000000000001905c        0x0 build/synch.o
 .data          0x000000000001905c        0x0 build/timer.o
 .data          0x000000000001905c        0x4 build/thread.o
 .data          0x0000000000019060        0x0 build/video.o
 .data          0x0000000000019060        0x0 libgcc/libgcc.a(_udivsi3.o)
 .data          0x0000000000019060        0x0 libgcc/libgcc.a(_divsi3.o)
 .data          0x0000000000019060        0x0 libgcc/libgcc.a(_dvmd_tls.o)
 .data          0x0000000000019060        0x0 libgcc/libgcc.a(_aeabi_uldivmod.o)
 .data          0x0000000000019060        0x0 libgcc/libgcc.a(bpabi.o)
 .data          0x0000000000019060        0x0 libgcc/libgcc.a(_divdi3.o)
 .data          0x0000000000019060        0x0 libgcc/libgcc.a(_udivdi3.o)
 .data          0x0000000000019060        0x0 libgcc/libgcc.a(unwind-arm.o)
 .data          0x0000000000019060        0x0 libgcc/libgcc.a(libunwind.o)
 .data          0x0000000000019060        0x0 libgcc/libgcc.a(pr-support.o)
 .data          0x0000000000019060        0x0 libgcc/libgcc.a(_clzsi2.o)

.bss            0x0000000000019060     0x1658
 *(.bss)
 .bss           0x0000000000019060        0x0 build/contextSwitch.o
 .bss           0x0000000000019060        0x0 build/drawing.o
 .bss           0x0000000000019060        0x0 build/frameBufferInfo.o
 .bss           0x0000000000019060        0x0 build/gpioFunction.o
 .bss           0x0000000000019060        0x0 build/interruptsHandlers.o
 .bss           0x0000000000019060        0x0 build/mailbox.o
 .bss           0x0000000000019060        0x0 build/memoryCopy.o
 .bss           0x0000000000019060        0x0 build/start.o
 .bss           0x0000000000019060        0x0 build/bitmap.o
 .bss           0x0000000000019060       0x28 build/console.o
 .bss           0x0000000000019088        0x0 build/debug.o
 .bss           0x0000000000019088        0x0 build/framebuffer.o
 .bss           0x0000000000019088        0x0 build/gpio.o
 .bss           0x0000000000019088        0x0 build/hash.o
 .bss           0x0000000000019088       0x44 build/init.o
 .bss           0x00000000000190cc        0x0 build/list.o
 .bss           0x00000000000190cc      0x20c build/interrupt.o
 .bss           0x00000000000192d8      0x1e4 build/malloc.o
 .bss           0x00000000000194bc       0x40 build/palloc.o
 .bss           0x00000000000194fc      0x104 build/random.o
 .bss           0x0000000000019600     0x101c build/serial.o
 .bss           0x000000000001a61c        0x0 build/stdio.o
 .bss           0x000000000001a61c        0x0 build/stdlib.o
 .bss           0x000000000001a61c        0x0 build/string.o
 .bss           0x000000000001a61c        0x0 build/synch.o
 .bss           0x000000000001a61c        0x0 build/timer.o
 *fill*         0x000000000001a61c        0x4 
 .bss           0x000000000001a620       0x78 build/thread.o
 .bss           0x000000000001a698       0x20 build/video.o
 .bss           0x000000000001a6b8        0x0 libgcc/libgcc.a(_udivsi3.o)
 .bss           0x000000000001a6b8        0x0 libgcc/libgcc.a(_divsi3.o)
 .bss           0x000000000001a6b8        0x0 libgcc/libgcc.a(_dvmd_tls.o)
 .bss           0x000000000001a6b8        0x0 libgcc/libgcc.a(_aeabi_uldivmod.o)
 .bss           0x000000000001a6b8        0x0 libgcc/libgcc.a(bpabi.o)
 .bss           0x000000000001a6b8        0x0 libgcc/libgcc.a(_divdi3.o)
 .bss           0x000000000001a6b8        0x0 libgcc/libgcc.a(_udivdi3.o)
 .bss           0x000000000001a6b8        0x0 libgcc/libgcc.a(unwind-arm.o)
 .bss           0x000000000001a6b8        0x0 libgcc/libgcc.a(libunwind.o)
 .bss           0x000000000001a6b8        0x0 libgcc/libgcc.a(pr-support.o)
 .bss           0x000000000001a6b8        0x0 libgcc/libgcc.a(_clzsi2.o)

.ARM.extab      0x000000000001a6b8       0x30
 *(.ARM.extab* .gnu.linkonce.armextab.*)
 .ARM.extab     0x000000000001a6b8        0x0 libgcc/libgcc.a(_divdi3.o)
 .ARM.extab     0x000000000001a6b8        0x0 libgcc/libgcc.a(_udivdi3.o)
 .ARM.extab     0x000000000001a6b8       0x18 libgcc/libgcc.a(unwind-arm.o)
 .ARM.extab     0x000000000001a6d0       0x18 libgcc/libgcc.a(pr-support.o)
                0x000000000001a6e8                __exidx_start = .

.ARM.exidx      0x000000000001a6e8       0xd0
 *(.ARM.exidx* .gnu.linkonce.armexidx.*)
 .ARM.exidx     0x000000000001a6e8        0x8 libgcc/libgcc.a(_divdi3.o)
 .ARM.exidx     0x000000000001a6f0        0x0 libgcc/libgcc.a(_udivdi3.o)
                                          0x8 (size before relaxing)
 .ARM.exidx     0x000000000001a6f0       0x90 libgcc/libgcc.a(unwind-arm.o)
                                         0xd8 (size before relaxing)
 .ARM.exidx     0x000000000001a780       0x38 libgcc/libgcc.a(pr-support.o)
                                         0x48 (size before relaxing)
                0x000000000001a7b8                __exidx_end = .

/DISCARD/
 *(*)
LOAD libgcc/libgcc.a
OUTPUT(build/output.elf elf32-littlearm)
